// Jest Snapshot v1, https://goo.gl/fbAQLP

exports[`should correctly render Loginpage 1`] = `
<div>
  <button>
    Login page
  </button>
</div>
`;
